// Jest Snapshot v1, https://goo.gl/fbAQLP

exports[`Test all Rockets components and functions renders Rocket correctly 1`] = `null`;
